// Jest Snapshot v1, https://goo.gl/fbAQLP

exports[`renders without crashing 1`] = `
<Fragment>
  <h1>
    Display Active Users Account Details
  </h1>
  <h2>
    Welcome to React Testing
  </h2>
</Fragment>
`;
